// Jest Snapshot v1, https://goo.gl/fbAQLP

exports[`SearchForm renders snapshort 1`] = `
<form
  class="sc-gKsewC ihyKbF SearchForm"
>
  <label
    class="sc-eCssSg cRKVln"
    for="search"
  >
    Search:
  </label>
  Â 
  <input
    class="sc-jSgupP iyXbdf input"
    id="search"
    type="text"
    value="React"
  />
  <button
    class="sc-iBPRYJ sc-fubCfw eYbpqo htqYPq button buttonLarge"
    type="submit"
  >
    Submit
  </button>
</form>
`;
